// Jest Snapshot v1, https://goo.gl/fbAQLP

exports[`MessageList should render 1`] = `
"<div className=\\"messageList\\">
  <ul>
    <MessageItem value=\\"New massage\\" type=\\"success\\" />
  </ul>
  <button onClick={[Function]}>
    x
  </button>
</div>"
`;
